10 63 97 107 132 137 153 220 235 268 291 349 380 384 422 435 457 462 497 504 510 548 556 561 579 596 624 629 650 671 678 702 715 729 740 753 791 803 817 826 848 869 884 890 895 907 923 939 972 
