354814702 914631438 1085123281 2702493426 4100234483
