344367552 365176021 408866563 758501705 1127826763 1558653561 2209237519 3300892922 4081733006 4087398714
