48219750 189135250 509457919 661785864 1114850635 2040524934 2546058877 2711616574 2730164002 4292822699
