1037695098 1386487737 1612455514 2141913558 3057687509 3303830195 3688244566 3695107349 3838885501 4019991586
